// Jest Snapshot v1, https://goo.gl/fbAQLP

exports[`IncludeToday test 1`] = `
<div
  class="gio-date-picker-wrap"
>
  <div
    class="gio-input gio-input--middle"
  >
    <input
      class="gio-input__content"
      placeholder="请输入…"
      type="text"
      value="2021/03/01"
    />
  </div>
  <div
    class="gio-date-picker-wrapper"
  />
</div>
`;
